V3 95
FL "C:/Users/jdrub/Documents/school/enee445/lab 2/8051Cylon_Ncount/8051Cylon_3count/8051_logic/addsub_core_.vhd" 2016/02/11.14:24:31 P.20131013
EN work/addsub_core 1455227307 \
      FL "C:/Users/jdrub/Documents/school/enee445/lab 2/8051Cylon_Ncount/8051Cylon_3count/8051_logic/addsub_core_.vhd" \
      PB ieee/std_logic_1164 1381692176 PB ieee/std_logic_arith 1381692177 \
      PH work/mc8051_p 1455227297
FL "C:/Users/jdrub/Documents/school/enee445/lab 2/8051Cylon_Ncount/8051Cylon_3count/8051_logic/addsub_core_struc.vhd" 2016/02/11.14:24:31 P.20131013
AR work/addsub_core/struc 1455227318 \
      FL "C:/Users/jdrub/Documents/school/enee445/lab 2/8051Cylon_Ncount/8051Cylon_3count/8051_logic/addsub_core_struc.vhd" \
      EN work/addsub_core 1455227307 CP addsub_ovcy CP addsub_cy
FL "C:/Users/jdrub/Documents/school/enee445/lab 2/8051Cylon_Ncount/8051Cylon_3count/8051_logic/addsub_cy_.vhd" 2016/02/11.14:24:31 P.20131013
EN work/addsub_cy 1455227299 \
      FL "C:/Users/jdrub/Documents/school/enee445/lab 2/8051Cylon_Ncount/8051Cylon_3count/8051_logic/addsub_cy_.vhd" \
      PB ieee/std_logic_1164 1381692176 PB ieee/std_logic_arith 1381692177
FL "C:/Users/jdrub/Documents/school/enee445/lab 2/8051Cylon_Ncount/8051Cylon_3count/8051_logic/addsub_cy_rtl.vhd" 2016/02/11.14:24:31 P.20131013
AR work/addsub_cy/rtl 1455227326 \
      FL "C:/Users/jdrub/Documents/school/enee445/lab 2/8051Cylon_Ncount/8051Cylon_3count/8051_logic/addsub_cy_rtl.vhd" \
      EN work/addsub_cy 1455227299
FL "C:/Users/jdrub/Documents/school/enee445/lab 2/8051Cylon_Ncount/8051Cylon_3count/8051_logic/addsub_ovcy_.vhd" 2016/02/11.14:24:31 P.20131013
EN work/addsub_ovcy 1455227298 \
      FL "C:/Users/jdrub/Documents/school/enee445/lab 2/8051Cylon_Ncount/8051Cylon_3count/8051_logic/addsub_ovcy_.vhd" \
      PB ieee/std_logic_1164 1381692176 PB ieee/std_logic_arith 1381692177
FL "C:/Users/jdrub/Documents/school/enee445/lab 2/8051Cylon_Ncount/8051Cylon_3count/8051_logic/addsub_ovcy_rtl.vhd" 2016/02/11.14:24:31 P.20131013
AR work/addsub_ovcy/rtl 1455227327 \
      FL "C:/Users/jdrub/Documents/school/enee445/lab 2/8051Cylon_Ncount/8051Cylon_3count/8051_logic/addsub_ovcy_rtl.vhd" \
      EN work/addsub_ovcy 1455227298
FL "C:/Users/jdrub/Documents/school/enee445/lab 2/8051Cylon_Ncount/8051Cylon_3count/8051_logic/alucore_.vhd" 2016/02/11.14:24:31 P.20131013
EN work/alucore 1455227306 \
      FL "C:/Users/jdrub/Documents/school/enee445/lab 2/8051Cylon_Ncount/8051Cylon_3count/8051_logic/alucore_.vhd" \
      PB ieee/std_logic_1164 1381692176 PB ieee/std_logic_arith 1381692177 \
      PH work/mc8051_p 1455227297
FL "C:/Users/jdrub/Documents/school/enee445/lab 2/8051Cylon_Ncount/8051Cylon_3count/8051_logic/alucore_rtl.vhd" 2016/02/11.14:24:31 P.20131013
AR work/alucore/rtl 1455227319 \
      FL "C:/Users/jdrub/Documents/school/enee445/lab 2/8051Cylon_Ncount/8051Cylon_3count/8051_logic/alucore_rtl.vhd" \
      EN work/alucore 1455227306
FL "C:/Users/jdrub/Documents/school/enee445/lab 2/8051Cylon_Ncount/8051Cylon_3count/8051_logic/alumux_.vhd" 2016/02/11.14:24:31 P.20131013
EN work/alumux 1455227305 \
      FL "C:/Users/jdrub/Documents/school/enee445/lab 2/8051Cylon_Ncount/8051Cylon_3count/8051_logic/alumux_.vhd" \
      PB ieee/std_logic_1164 1381692176 PB ieee/std_logic_arith 1381692177 \
      PH work/mc8051_p 1455227297
FL "C:/Users/jdrub/Documents/school/enee445/lab 2/8051Cylon_Ncount/8051Cylon_3count/8051_logic/alumux_rtl.vhd" 2016/02/11.14:24:31 P.20131013
AR work/alumux/rtl 1455227320 \
      FL "C:/Users/jdrub/Documents/school/enee445/lab 2/8051Cylon_Ncount/8051Cylon_3count/8051_logic/alumux_rtl.vhd" \
      EN work/alumux 1455227305
FL "C:/Users/jdrub/Documents/school/enee445/lab 2/8051Cylon_Ncount/8051Cylon_3count/8051_logic/comb_divider_.vhd" 2016/02/11.14:24:31 P.20131013
EN work/comb_divider 1455227304 \
      FL "C:/Users/jdrub/Documents/school/enee445/lab 2/8051Cylon_Ncount/8051Cylon_3count/8051_logic/comb_divider_.vhd" \
      PB ieee/std_logic_1164 1381692176 PB ieee/std_logic_arith 1381692177
FL "C:/Users/jdrub/Documents/school/enee445/lab 2/8051Cylon_Ncount/8051Cylon_3count/8051_logic/comb_divider_rtl.vhd" 2016/02/11.14:24:31 P.20131013
AR work/comb_divider/rtl 1455227321 \
      FL "C:/Users/jdrub/Documents/school/enee445/lab 2/8051Cylon_Ncount/8051Cylon_3count/8051_logic/comb_divider_rtl.vhd" \
      EN work/comb_divider 1455227304
FL "C:/Users/jdrub/Documents/school/enee445/lab 2/8051Cylon_Ncount/8051Cylon_3count/8051_logic/comb_mltplr_.vhd" 2016/02/11.14:24:31 P.20131013
EN work/comb_mltplr 1455227303 \
      FL "C:/Users/jdrub/Documents/school/enee445/lab 2/8051Cylon_Ncount/8051Cylon_3count/8051_logic/comb_mltplr_.vhd" \
      PB ieee/std_logic_1164 1381692176 PB ieee/std_logic_arith 1381692177
FL "C:/Users/jdrub/Documents/school/enee445/lab 2/8051Cylon_Ncount/8051Cylon_3count/8051_logic/comb_mltplr_rtl.vhd" 2016/02/11.14:24:31 P.20131013
AR work/comb_mltplr/rtl 1455227322 \
      FL "C:/Users/jdrub/Documents/school/enee445/lab 2/8051Cylon_Ncount/8051Cylon_3count/8051_logic/comb_mltplr_rtl.vhd" \
      EN work/comb_mltplr 1455227303
FL "C:/Users/jdrub/Documents/school/enee445/lab 2/8051Cylon_Ncount/8051Cylon_3count/8051_logic/control_fsm_.vhd" 2016/02/11.14:24:31 P.20131013
EN work/control_fsm 1455227302 \
      FL "C:/Users/jdrub/Documents/school/enee445/lab 2/8051Cylon_Ncount/8051Cylon_3count/8051_logic/control_fsm_.vhd" \
      PB ieee/std_logic_1164 1381692176 PB ieee/std_logic_arith 1381692177 \
      PH work/mc8051_p 1455227297
FL "C:/Users/jdrub/Documents/school/enee445/lab 2/8051Cylon_Ncount/8051Cylon_3count/8051_logic/control_fsm_rtl.vhd" 2016/02/11.14:24:31 P.20131013
AR work/control_fsm/rtl 1455227323 \
      FL "C:/Users/jdrub/Documents/school/enee445/lab 2/8051Cylon_Ncount/8051Cylon_3count/8051_logic/control_fsm_rtl.vhd" \
      EN work/control_fsm 1455227302
FL "C:/Users/jdrub/Documents/school/enee445/lab 2/8051Cylon_Ncount/8051Cylon_3count/8051_logic/control_mem_.vhd" 2016/02/11.14:24:31 P.20131013
EN work/control_mem 1455227301 \
      FL "C:/Users/jdrub/Documents/school/enee445/lab 2/8051Cylon_Ncount/8051Cylon_3count/8051_logic/control_mem_.vhd" \
      PB ieee/std_logic_1164 1381692176 PB ieee/std_logic_arith 1381692177 \
      PH work/mc8051_p 1455227297
FL "C:/Users/jdrub/Documents/school/enee445/lab 2/8051Cylon_Ncount/8051Cylon_3count/8051_logic/control_mem_rtl.vhd" 2016/02/11.14:24:31 P.20131013
AR work/control_mem/rtl 1455227324 \
      FL "C:/Users/jdrub/Documents/school/enee445/lab 2/8051Cylon_Ncount/8051Cylon_3count/8051_logic/control_mem_rtl.vhd" \
      EN work/control_mem 1455227301
FL "C:/Users/jdrub/Documents/school/enee445/lab 2/8051Cylon_Ncount/8051Cylon_3count/8051_logic/dcml_adjust_.vhd" 2016/02/11.14:24:31 P.20131013
EN work/dcml_adjust 1455227300 \
      FL "C:/Users/jdrub/Documents/school/enee445/lab 2/8051Cylon_Ncount/8051Cylon_3count/8051_logic/dcml_adjust_.vhd" \
      PB ieee/std_logic_1164 1381692176 PB ieee/std_logic_arith 1381692177
FL "C:/Users/jdrub/Documents/school/enee445/lab 2/8051Cylon_Ncount/8051Cylon_3count/8051_logic/dcml_adjust_rtl.vhd" 2016/02/11.14:24:31 P.20131013
AR work/dcml_adjust/rtl 1455227325 \
      FL "C:/Users/jdrub/Documents/school/enee445/lab 2/8051Cylon_Ncount/8051Cylon_3count/8051_logic/dcml_adjust_rtl.vhd" \
      EN work/dcml_adjust 1455227300
FL "C:/Users/jdrub/Documents/school/enee445/lab 2/8051Cylon_Ncount/8051Cylon_3count/8051_logic/mc8051_alu_.vhd" 2016/02/11.14:24:31 P.20131013
EN work/mc8051_alu 1455227311 \
      FL "C:/Users/jdrub/Documents/school/enee445/lab 2/8051Cylon_Ncount/8051Cylon_3count/8051_logic/mc8051_alu_.vhd" \
      PB ieee/std_logic_1164 1381692176 PB ieee/std_logic_arith 1381692177 \
      PH work/mc8051_p 1455227297
FL "C:/Users/jdrub/Documents/school/enee445/lab 2/8051Cylon_Ncount/8051Cylon_3count/8051_logic/mc8051_alu_struc.vhd" 2016/02/11.14:24:31 P.20131013
AR work/mc8051_alu/struc 1455227314 \
      FL "C:/Users/jdrub/Documents/school/enee445/lab 2/8051Cylon_Ncount/8051Cylon_3count/8051_logic/mc8051_alu_struc.vhd" \
      EN work/mc8051_alu 1455227311 CP alumux CP alucore CP addsub_core \
      CP comb_mltplr CP comb_divider CP dcml_adjust
FL "C:/Users/jdrub/Documents/school/enee445/lab 2/8051Cylon_Ncount/8051Cylon_3count/8051_logic/mc8051_control_.vhd" 2016/02/11.14:24:31 P.20131013
EN work/mc8051_control 1455227310 \
      FL "C:/Users/jdrub/Documents/school/enee445/lab 2/8051Cylon_Ncount/8051Cylon_3count/8051_logic/mc8051_control_.vhd" \
      PB ieee/std_logic_1164 1381692176 PB ieee/std_logic_arith 1381692177 \
      PH work/mc8051_p 1455227297
FL "C:/Users/jdrub/Documents/school/enee445/lab 2/8051Cylon_Ncount/8051Cylon_3count/8051_logic/mc8051_control_struc.vhd" 2016/02/11.14:24:31 P.20131013
AR work/mc8051_control/struc 1455227315 \
      FL "C:/Users/jdrub/Documents/school/enee445/lab 2/8051Cylon_Ncount/8051Cylon_3count/8051_logic/mc8051_control_struc.vhd" \
      EN work/mc8051_control 1455227310 CP control_fsm CP control_mem
FL "C:/Users/jdrub/Documents/school/enee445/lab 2/8051Cylon_Ncount/8051Cylon_3count/8051_logic/mc8051_core_.vhd" 2016/02/11.14:24:31 P.20131013
EN work/mc8051_core 1455227312 \
      FL "C:/Users/jdrub/Documents/school/enee445/lab 2/8051Cylon_Ncount/8051Cylon_3count/8051_logic/mc8051_core_.vhd" \
      PB ieee/std_logic_1164 1381692176 PB ieee/std_logic_arith 1381692177 \
      PH work/mc8051_p 1455227297
FL "C:/Users/jdrub/Documents/school/enee445/lab 2/8051Cylon_Ncount/8051Cylon_3count/8051_logic/mc8051_core_struc.vhd" 2016/02/11.14:24:31 P.20131013
AR work/mc8051_core/struc 1455227313 \
      FL "C:/Users/jdrub/Documents/school/enee445/lab 2/8051Cylon_Ncount/8051Cylon_3count/8051_logic/mc8051_core_struc.vhd" \
      EN work/mc8051_core 1455227312 CP mc8051_control CP mc8051_alu CP mc8051_siu \
      CP mc8051_tmrctr
FL "C:/Users/jdrub/Documents/school/enee445/lab 2/8051Cylon_Ncount/8051Cylon_3count/8051_logic/mc8051_p.vhd" 2016/02/11.14:24:31 P.20131013
PH work/mc8051_p 1455227297 \
      FL "C:/Users/jdrub/Documents/school/enee445/lab 2/8051Cylon_Ncount/8051Cylon_3count/8051_logic/mc8051_p.vhd" \
      PB ieee/std_logic_1164 1381692176 PB ieee/std_logic_arith 1381692177 \
      CD addsub_cy CD addsub_ovcy CD addsub_core CD alucore CD comb_divider \
      CD comb_mltplr CD dcml_adjust CD alumux CD mc8051_alu CD mc8051_siu \
      CD mc8051_tmrctr CD control_fsm CD control_mem CD mc8051_control \
      CD mc8051_core CD mc8051_top CD mc8051_ram CD mc8051_ramx CD mc8051_rom
FL "C:/Users/jdrub/Documents/school/enee445/lab 2/8051Cylon_Ncount/8051Cylon_3count/8051_logic/mc8051_siu_.vhd" 2016/02/11.14:24:31 P.20131013
EN work/mc8051_siu 1455227309 \
      FL "C:/Users/jdrub/Documents/school/enee445/lab 2/8051Cylon_Ncount/8051Cylon_3count/8051_logic/mc8051_siu_.vhd" \
      PB ieee/std_logic_1164 1381692176 PB ieee/std_logic_arith 1381692177
FL "C:/Users/jdrub/Documents/school/enee445/lab 2/8051Cylon_Ncount/8051Cylon_3count/8051_logic/mc8051_siu_rtl.vhd" 2016/02/11.14:24:31 P.20131013
AR work/mc8051_siu/rtl 1455227316 \
      FL "C:/Users/jdrub/Documents/school/enee445/lab 2/8051Cylon_Ncount/8051Cylon_3count/8051_logic/mc8051_siu_rtl.vhd" \
      EN work/mc8051_siu 1455227309
FL "C:/Users/jdrub/Documents/school/enee445/lab 2/8051Cylon_Ncount/8051Cylon_3count/8051_logic/mc8051_tmrctr_.vhd" 2016/02/11.14:24:31 P.20131013
EN work/mc8051_tmrctr 1455227308 \
      FL "C:/Users/jdrub/Documents/school/enee445/lab 2/8051Cylon_Ncount/8051Cylon_3count/8051_logic/mc8051_tmrctr_.vhd" \
      PB ieee/std_logic_1164 1381692176 PB ieee/std_logic_arith 1381692177
FL "C:/Users/jdrub/Documents/school/enee445/lab 2/8051Cylon_Ncount/8051Cylon_3count/8051_logic/mc8051_tmrctr_rtl.vhd" 2016/02/11.14:24:31 P.20131013
AR work/mc8051_tmrctr/rtl 1455227317 \
      FL "C:/Users/jdrub/Documents/school/enee445/lab 2/8051Cylon_Ncount/8051Cylon_3count/8051_logic/mc8051_tmrctr_rtl.vhd" \
      EN work/mc8051_tmrctr 1455227308
