EN addsub_core NULL //afs/glue.umd.edu/home/glue/l/i/librajrd/home/ENEE405/405lab3_2/405lab3/8051Cylon_Ncount/8051Cylon_10000count/8051_logic/addsub_core_.vhd sub00/vhpl10 1461267935
EN mc8051_core NULL //afs/glue.umd.edu/home/glue/l/i/librajrd/home/ENEE405/405lab3_2/405lab3/8051Cylon_Ncount/8051Cylon_10000count/8051_logic/mc8051_core_.vhd sub00/vhpl15 1461267940
AR alumux rtl //afs/glue.umd.edu/home/glue/l/i/librajrd/home/ENEE405/405lab3_2/405lab3/8051Cylon_Ncount/8051Cylon_10000count/8051_logic/alumux_rtl.vhd sub00/vhpl23 1461267948
PH mc8051_p NULL //afs/glue.umd.edu/home/glue/l/i/librajrd/home/ENEE405/405lab3_2/405lab3/8051Cylon_Ncount/8051Cylon_10000count/8051_logic/mc8051_p.vhd sub00/vhpl00 1461267925
EN control_mem NULL //afs/glue.umd.edu/home/glue/l/i/librajrd/home/ENEE405/405lab3_2/405lab3/8051Cylon_Ncount/8051Cylon_10000count/8051_logic/control_mem_.vhd sub00/vhpl04 1461267929
EN mc8051_tmrctr NULL //afs/glue.umd.edu/home/glue/l/i/librajrd/home/ENEE405/405lab3_2/405lab3/8051Cylon_Ncount/8051Cylon_10000count/8051_logic/mc8051_tmrctr_.vhd sub00/vhpl11 1461267936
AR comb_mltplr rtl //afs/glue.umd.edu/home/glue/l/i/librajrd/home/ENEE405/405lab3_2/405lab3/8051Cylon_Ncount/8051Cylon_10000count/8051_logic/comb_mltplr_rtl.vhd sub00/vhpl25 1461267950
AR comb_divider rtl //afs/glue.umd.edu/home/glue/l/i/librajrd/home/ENEE405/405lab3_2/405lab3/8051Cylon_Ncount/8051Cylon_10000count/8051_logic/comb_divider_rtl.vhd sub00/vhpl24 1461267949
AR mc8051_core struc //afs/glue.umd.edu/home/glue/l/i/librajrd/home/ENEE405/405lab3_2/405lab3/8051Cylon_Ncount/8051Cylon_10000count/8051_logic/mc8051_core_struc.vhd sub00/vhpl16 1461267941
AR alucore rtl //afs/glue.umd.edu/home/glue/l/i/librajrd/home/ENEE405/405lab3_2/405lab3/8051Cylon_Ncount/8051Cylon_10000count/8051_logic/alucore_rtl.vhd sub00/vhpl22 1461267947
AR control_fsm rtl //afs/glue.umd.edu/home/glue/l/i/librajrd/home/ENEE405/405lab3_2/405lab3/8051Cylon_Ncount/8051Cylon_10000count/8051_logic/control_fsm_rtl.vhd sub00/vhpl26 1461267951
AR mc8051_control struc //afs/glue.umd.edu/home/glue/l/i/librajrd/home/ENEE405/405lab3_2/405lab3/8051Cylon_Ncount/8051Cylon_10000count/8051_logic/mc8051_control_struc.vhd sub00/vhpl18 1461267943
EN mc8051_alu NULL //afs/glue.umd.edu/home/glue/l/i/librajrd/home/ENEE405/405lab3_2/405lab3/8051Cylon_Ncount/8051Cylon_10000count/8051_logic/mc8051_alu_.vhd sub00/vhpl14 1461267939
AR control_mem rtl //afs/glue.umd.edu/home/glue/l/i/librajrd/home/ENEE405/405lab3_2/405lab3/8051Cylon_Ncount/8051Cylon_10000count/8051_logic/control_mem_rtl.vhd sub00/vhpl27 1461267952
MO LUT_RAM_from_template NULL LUT_RAM_from_template02.v vlg12/_l_u_t___r_a_m__from__template.bin 1461267929
EN addsub_ovcy NULL //afs/glue.umd.edu/home/glue/l/i/librajrd/home/ENEE405/405lab3_2/405lab3/8051Cylon_Ncount/8051Cylon_10000count/8051_logic/addsub_ovcy_.vhd sub00/vhpl01 1461267926
AR mc8051_tmrctr rtl //afs/glue.umd.edu/home/glue/l/i/librajrd/home/ENEE405/405lab3_2/405lab3/8051Cylon_Ncount/8051Cylon_10000count/8051_logic/mc8051_tmrctr_rtl.vhd sub00/vhpl20 1461267945
MO top NULL top.vf vlg6F/top.bin 1461267929
EN addsub_cy NULL //afs/glue.umd.edu/home/glue/l/i/librajrd/home/ENEE405/405lab3_2/405lab3/8051Cylon_Ncount/8051Cylon_10000count/8051_logic/addsub_cy_.vhd sub00/vhpl02 1461267927
AR dcml_adjust rtl //afs/glue.umd.edu/home/glue/l/i/librajrd/home/ENEE405/405lab3_2/405lab3/8051Cylon_Ncount/8051Cylon_10000count/8051_logic/dcml_adjust_rtl.vhd sub00/vhpl28 1461267953
EN alucore NULL //afs/glue.umd.edu/home/glue/l/i/librajrd/home/ENEE405/405lab3_2/405lab3/8051Cylon_Ncount/8051Cylon_10000count/8051_logic/alucore_.vhd sub00/vhpl09 1461267934
EN comb_mltplr NULL //afs/glue.umd.edu/home/glue/l/i/librajrd/home/ENEE405/405lab3_2/405lab3/8051Cylon_Ncount/8051Cylon_10000count/8051_logic/comb_mltplr_.vhd sub00/vhpl06 1461267931
EN mc8051_siu NULL //afs/glue.umd.edu/home/glue/l/i/librajrd/home/ENEE405/405lab3_2/405lab3/8051Cylon_Ncount/8051Cylon_10000count/8051_logic/mc8051_siu_.vhd sub00/vhpl12 1461267937
AR mc8051_siu rtl //afs/glue.umd.edu/home/glue/l/i/librajrd/home/ENEE405/405lab3_2/405lab3/8051Cylon_Ncount/8051Cylon_10000count/8051_logic/mc8051_siu_rtl.vhd sub00/vhpl19 1461267944
EN control_fsm NULL //afs/glue.umd.edu/home/glue/l/i/librajrd/home/ENEE405/405lab3_2/405lab3/8051Cylon_Ncount/8051Cylon_10000count/8051_logic/control_fsm_.vhd sub00/vhpl05 1461267930
AR mc8051_alu struc //afs/glue.umd.edu/home/glue/l/i/librajrd/home/ENEE405/405lab3_2/405lab3/8051Cylon_Ncount/8051Cylon_10000count/8051_logic/mc8051_alu_struc.vhd sub00/vhpl17 1461267942
MO BRAM4kx8 NULL BRAM4kx8.v vlg55/_b_r_a_m4kx8.bin 1461267929
AR addsub_core struc //afs/glue.umd.edu/home/glue/l/i/librajrd/home/ENEE405/405lab3_2/405lab3/8051Cylon_Ncount/8051Cylon_10000count/8051_logic/addsub_core_struc.vhd sub00/vhpl21 1461267946
AR addsub_ovcy rtl //afs/glue.umd.edu/home/glue/l/i/librajrd/home/ENEE405/405lab3_2/405lab3/8051Cylon_Ncount/8051Cylon_10000count/8051_logic/addsub_ovcy_rtl.vhd sub00/vhpl30 1461267955
EN comb_divider NULL //afs/glue.umd.edu/home/glue/l/i/librajrd/home/ENEE405/405lab3_2/405lab3/8051Cylon_Ncount/8051Cylon_10000count/8051_logic/comb_divider_.vhd sub00/vhpl07 1461267932
EN mc8051_control NULL //afs/glue.umd.edu/home/glue/l/i/librajrd/home/ENEE405/405lab3_2/405lab3/8051Cylon_Ncount/8051Cylon_10000count/8051_logic/mc8051_control_.vhd sub00/vhpl13 1461267938
EN alumux NULL //afs/glue.umd.edu/home/glue/l/i/librajrd/home/ENEE405/405lab3_2/405lab3/8051Cylon_Ncount/8051Cylon_10000count/8051_logic/alumux_.vhd sub00/vhpl08 1461267933
EN dcml_adjust NULL //afs/glue.umd.edu/home/glue/l/i/librajrd/home/ENEE405/405lab3_2/405lab3/8051Cylon_Ncount/8051Cylon_10000count/8051_logic/dcml_adjust_.vhd sub00/vhpl03 1461267928
AR addsub_cy rtl //afs/glue.umd.edu/home/glue/l/i/librajrd/home/ENEE405/405lab3_2/405lab3/8051Cylon_Ncount/8051Cylon_10000count/8051_logic/addsub_cy_rtl.vhd sub00/vhpl29 1461267954
MO wiz_clkgen NULL wiz_clkgen.v vlg65/wiz__clkgen.bin 1461267929
MO SPIMaster NULL SPIMaster.v vlg3C/_s_p_i_master.bin 1461267929
